2026-03-20T00:00:02+0530 ZBXTRAP 10.4.5.75
PDU INFO:
  receivedfrom                   UDP: [10.4.5.75]:32768->[10.4.31.226]:162
  version                        1
  requestid                      9660860
  messageid                      0
  transactionid                  9777633
  errorstatus                    0
  notificationtype               TRAP
  community                      communityid
  errorindex                     0
VARBINDS:
  iso.3.6.1.2.1.1.3.0            type=67 value=Timeticks: (703050804) 81 days, 8:55:08.04
  iso.3.6.1.6.3.1.1.4.1.0        type=6  value=OID: iso.3.6.1.4.1.14179.2.6.3.2
  iso.3.6.1.4.1.14179.2.6.2.35.0 type=4  value=Hex-STRING: 00 1D 46 7C 87 80 
  iso.3.6.1.4.1.14179.2.6.2.36.0 type=2  value=INTEGER: 0
  iso.3.6.1.4.1.14179.2.6.2.37.0 type=2  value=INTEGER: 15
  iso.3.6.1.4.1.14179.2.6.2.43.0 type=64 value=IpAddress: 0.0.0.0
  iso.3.6.1.4.1.14179.2.6.2.34.0 type=4  value=Hex-STRING: EE 37 45 71 00 F2 
  iso.3.6.1.4.1.14179.2.6.2.39.0 type=4  value=""
  iso.3.6.1.4.1.14179.2.2.1.1.3.0 type=4  value=STRING: "Vindhya_B4-301_Class_Room"
2026-03-20T00:00:09+0530 ZBXTRAP 10.4.5.74
PDU INFO:
  messageid                      0
  transactionid                  9777640
  errorstatus                    0
  receivedfrom                   UDP: [10.4.5.74]:32778->[10.4.31.226]:162
  version                        1
  requestid                      45506967
  community                      communityid
  errorindex                     0
  notificationtype               TRAP
VARBINDS:
  iso.3.6.1.2.1.1.3.0            type=67 value=Timeticks: (703753604) 81 days, 10:52:16.04
  iso.3.6.1.6.3.1.1.4.1.0        type=6  value=OID: iso.3.6.1.4.1.14179.2.6.3.11
  iso.3.6.1.4.1.14179.2.2.1.1.1.0.129.196.144.242.128 type=4  value=Hex-STRING: 00 81 C4 90 F2 80 
  iso.3.6.1.4.1.14179.2.2.2.1.1.0.129.196.144.242.128.0 type=2  value=INTEGER: 0
  iso.3.6.1.4.1.14179.2.2.1.1.3.0 type=4  value=STRING: "KOHLI_FF_WING4_137"
2026-03-20T16:14:01+0530 ZBXTRAP 10.4.5.74
PDU INFO:
  notificationtype               TRAP
  community                      communityid
  errorindex                     0
  version                        1
  receivedfrom                   UDP: [10.4.5.74]:32778->[10.4.31.226]:162
  requestid                      45563202
  transactionid                  9840482
  messageid                      0
  errorstatus                    0
VARBINDS:
  iso.3.6.1.2.1.1.3.0            type=67 value=Timeticks: (709597104) 82 days, 3:06:11.04
  iso.3.6.1.6.3.1.1.4.1.0        type=6  value=OID: iso.3.6.1.4.1.9.9.599.0.8
  iso.3.6.1.4.1.9.9.513.1.2.1.1.1.0 type=66 value=Gauge32: 1
  iso.3.6.1.4.1.9.9.513.1.1.1.1.5.224.14.218.127.243.48 type=4  value=STRING: "KOHLI_3F_WING2_143"
  iso.3.6.1.4.1.9.9.599.1.3.2.1.2.0 type=2  value=INTEGER: 1
  iso.3.6.1.4.1.9.9.599.1.3.2.1.3.0 type=4  value=Hex-STRING: 0A 02 80 E8 
  iso.3.6.1.4.1.9.9.599.1.3.1.1.27.14.145.151.98.238.223 type=4  value=""
  iso.3.6.1.4.1.9.9.599.1.3.1.1.28.14.145.151.98.238.223 type=4  value=STRING: "IIIT-Guest"
  iso.3.6.1.4.1.9.9.599.1.3.1.1.38.14.145.151.98.238.223 type=4  value=STRING: "69bd1d80/0e:91:97:62:ee:df/4540988"
  iso.3.6.1.4.1.9.9.599.1.3.1.1.8.14.145.151.98.238.223 type=4  value=Hex-STRING: E0 0E DA 7F F3 30 
2026-03-20T16:14:49+0530 ZBXTRAP 10.4.5.74
PDU INFO:
  errorindex                     0
  community                      communityid
  notificationtype               TRAP
  errorstatus                    0
  messageid                      0
  transactionid                  9840539
  requestid                      45563248
  receivedfrom                   UDP: [10.4.5.74]:32778->[10.4.31.226]:162
  version                        1
VARBINDS:
  iso.3.6.1.2.1.1.3.0            type=67 value=Timeticks: (709602004) 82 days, 3:07:00.04
  iso.3.6.1.6.3.1.1.4.1.0        type=6  value=OID: iso.3.6.1.4.1.9.9.599.0.8
  iso.3.6.1.4.1.9.9.513.1.2.1.1.1.0 type=66 value=Gauge32: 0
  iso.3.6.1.4.1.9.9.513.1.1.1.1.5.176.139.207.42.100.32 type=4  value=STRING: "Vindhya_External_Canteen"
  iso.3.6.1.4.1.9.9.599.1.3.2.1.2.0 type=2  value=INTEGER: 1
  iso.3.6.1.4.1.9.9.599.1.3.2.1.3.0 type=4  value=Hex-STRING: 0A 05 0A 1C 
  iso.3.6.1.4.1.9.9.599.1.3.1.1.27.18.126.204.219.158.92 type=4  value=STRING: "username"
  iso.3.6.1.4.1.9.9.599.1.3.1.1.28.18.126.204.219.158.92 type=4  value=STRING: "eduroam"
  iso.3.6.1.4.1.9.9.599.1.3.1.1.38.18.126.204.219.158.92 type=4  value=STRING: "69bd2521/12:7e:cc:db:9e:5c/4541222"
  iso.3.6.1.4.1.9.9.599.1.3.1.1.8.18.126.204.219.158.92 type=4  value=Hex-STRING: B0 8B CF 2A 64 20 

